/dts-v1/;

/  {

	foo = "bar";
	foo {

		compatible = "simple-bus";
		foo = "bar";
	};
};
