/dts-v1/;

/  {

	data = <0x1020102 0x3040506 0x708fffe>;
};
