/dts-v1/;

/  {

	baz = "fish";
	foo {

	};
	bar {

	};
};
