/dts-v1/;

/  {

	quxnode {

		qux = <0x2>;
	};
	quuxnode {

		quux = <0x1 0x2 0x3 0x4 0x1>;
	};
	foo {

		phandle = <0x1>;
	};
	baz {

		phandle = <0x2>;
	};
	__symbols__ {

		BAZ = "/baz";
		FOO = "/foo";
	};
	__local_fixups__ {

		quxnode {

			qux = <0x0>;
		};
		quuxnode {

			quux = <0x10>;
		};
	};
};
