/dts-v1/;

/  {

	foo@0 {

		phandle = <0x1>;
	};
	bar {

		ref = <0x1>;
	};
};
